#-----------------------------------------------------------
# Vivado v2025.1 (64-bit)
# SW Build 6140274 on Thu May 22 00:12:29 MDT 2025
# IP Build 6138677 on Thu May 22 03:10:11 MDT 2025
# SharedData Build 6139179 on Tue May 20 17:58:58 MDT 2025
# Start of session at: Tue Feb 17 10:55:27 2026
# Process ID         : 21416
# Current directory  : C:/Users/moham/OneDrive/Desktop/knn_classifier/knn_classifier.runs/synth_1
# Command line       : vivado.exe -log knn_top_pipelined.vds -product Vivado -mode batch -messageDb vivado.pb -notrace -source knn_top_pipelined.tcl
# Log file           : C:/Users/moham/OneDrive/Desktop/knn_classifier/knn_classifier.runs/synth_1/knn_top_pipelined.vds
# Journal file       : C:/Users/moham/OneDrive/Desktop/knn_classifier/knn_classifier.runs/synth_1\vivado.jou
# Running On         : LAPTOP-QPT6H0Q0
# Platform           : Windows Server 2016 or Windows 10
# Operating System   : 26200
# Processor Detail   : AMD Ryzen 5 8645HS w/ Radeon 760M Graphics
# CPU Frequency      : 4292 MHz
# CPU Physical cores : 6
# CPU Logical cores  : 12
# Host memory        : 16390 MB
# Swap memory        : 38654 MB
# Total Virtual      : 55045 MB
# Available Virtual  : 38644 MB
#-----------------------------------------------------------
source knn_top_pipelined.tcl -notrace
